../Core/Src/main.c:108:5:main	32	static
../Core/Src/main.c:186:6:SystemClock_Config	104	static
../Core/Src/main.c:232:13:MX_I2C1_Init	8	static
../Core/Src/main.c:280:13:MX_USART2_UART_Init	8	static
../Core/Src/main.c:313:13:MX_DMA_Init	16	static
../Core/Src/main.c:331:13:MX_GPIO_Init	56	static
../Core/Src/main.c:360:6:pause_sec	24	static
../Core/Src/main.c:377:9:decToBcd	80	dynamic
../Core/Src/main.c:400:5:bcdToDec	88	dynamic
../Core/Src/main.c:439:6:setTime	32	static
../Core/Src/main.c:456:6:getTime	16	static
../Core/Src/main.c:475:5:epochFromTime	16	static
../Core/Src/main.c:507:6:Error_Handler	8	static,ignoring_inline_asm
